// Jest Snapshot v1, https://goo.gl/fbAQLP

exports[`SignupInfo should match snapshot 1`] = `
<styled.div>
  <styled.div>
    <styled.div>
      <Styled(WithStyles(ForwardRef(IconButton)))
        aria-label="close"
        color="inherit"
        edge="start"
        onClick={[Function]}
      >
        <Memo(ForwardRef(ArrowBackIosIcon)) />
      </Styled(WithStyles(ForwardRef(IconButton)))>
      <styled.div>
        Preenchimento de dados
      </styled.div>
    </styled.div>
    <br />
    <br />
    <strong>
      CPF
    </strong>
    <br />
    Insira somente os 11 dígitos do CPF do cliente. Ex.: 000.000.000-00
    <br />
    <br />
    <strong>
      Data de Nascimento
    </strong>
    <br />
    <span>
      Preencha a Data de Nascimento do cliente, igual ao do documento de identificação. Ex.: 00/00/0000
    </span>
    <br />
    <br />
    <strong>
      Número de Celular válido
    </strong>
    <br />
    <span>
      É necessário informar um número de celular válido. Ex.: (00) 00000-0000
    </span>
    <br />
    <br />
    <strong>
      E-mail principal válido
    </strong>
    <span>
      Importante informar o e-mail principal que é utilizado e também que seja válido. Ex.: contatodamaria@gmail.com
    </span>
    <br />
    <br />
  </styled.div>
  <Web>
    <styled.div>
      <styled.div>
        <Styled(WithStyles(ForwardRef(IconButton)))
          aria-label="close"
          color="inherit"
          edge="start"
          onClick={[Function]}
        >
          <Memo(ForwardRef(ArrowBackIosIcon)) />
        </Styled(WithStyles(ForwardRef(IconButton)))>
        <styled.div>
          Preenchimento de dados
        </styled.div>
      </styled.div>
      <br />
      <br />
      <strong>
        CPF
      </strong>
      <br />
      Insira somente os 11 dígitos do CPF do cliente. Ex.: 000.000.000-00
      <br />
      <br />
      <strong>
        Data de Nascimento
      </strong>
      <br />
      <span>
        Preencha a Data de Nascimento do cliente, igual ao do documento de identificação. Ex.: 00/00/0000
      </span>
      <br />
      <br />
      <strong>
        Número de Celular válido
      </strong>
      <br />
      <span>
        É necessário informar um número de celular válido. Ex.: (00) 00000-0000
      </span>
      <br />
      <br />
      <strong>
        E-mail principal válido
      </strong>
      <br />
      <span>
        Importante informar o e-mail principal que é utilizado e também que seja válido. Ex.: contatodamaria@gmail.com
      </span>
      <br />
      <br />
      <Button
        disabled={false}
        handleClick={[Function]}
        popup={false}
      >
        Voltar
      </Button>
    </styled.div>
  </Web>
</styled.div>
`;
