// Jest Snapshot v1, https://goo.gl/fbAQLP

exports[`Stepper should match snapshot 1`] = `
@media (min-width:1440px) {

}

@media (min-width:1440px) {

}

@media (min-width:1440px) {

}

<Fragment>
  <styled.div>
    <styled.div>
      <Styled(Component)
        onClick={[Function]}
      />
      <styled.div>
        <styled.div>
           Informações do Cliente 
        </styled.div>
        <styled.div>
           Etapa 
          1
           de 
          4
           
        </styled.div>
      </styled.div>
      <Styled(Component)
        disabled={true}
        onClick={[Function]}
      />
      <styled.div>
        <RenderSteps />
      </styled.div>
    </styled.div>
  </styled.div>
  <styled.div>
    <styled.p>
      <strong>
        Etapa 
        1
         de 
        4
        :
      </strong>
       Dados do cliente
    </styled.p>
    <RenderSteps />
  </styled.div>
</Fragment>
`;
